../Core/Inc/disp_font.h:47:24:font14_lookup	16	static
../Core/Src/main.c:109:13:hex2_encode	16	static
../Core/Src/main.c:115:16:hex_val	16	static
../Core/Src/main.c:123:16:hex2_decode	24	static
../Core/Src/main.c:131:16:is_hex_char	16	static
../Core/Src/main.c:138:16:calc_checksum	24	static
../Core/Src/main.c:150:13:set_segments	24	static
../Core/Src/main.c:157:13:deselect_all_digits	16	static
../Core/Src/main.c:163:13:update_display_from_text	32	static
../Core/Src/main.c:177:16:read_buttons	16	static
../Core/Src/main.c:191:13:send_button_packet	32	static
../Core/Src/main.c:206:13:dispatch_rx_packet	32	static,ignoring_inline_asm
../Core/Src/main.c:229:13:parse_rx_byte	16	static
../Core/Src/main.c:260:13:GPIO_Init_DisplayHW	40	static
../Core/Src/main.c:295:5:main	24	static,ignoring_inline_asm
../Core/Src/main.c:368:6:SystemClock_Config	72	static
../Core/Src/main.c:407:13:MX_TIM2_Init	32	static
../Core/Src/main.c:452:13:MX_USART1_UART_Init	8	static
../Core/Src/main.c:485:13:MX_GPIO_Init	16	static
../Core/Src/main.c:503:6:TIM2_IRQHandler	8	static
../Core/Src/main.c:521:6:DISP_UART_RxByte	16	static
../Core/Src/main.c:532:6:Error_Handler	4	static,ignoring_inline_asm
